Exception in callback SyncBase._sync.<locals>.<lambda>(<Task cancell...twork.py:867>>) at C:\Users\Administrator\AppData\Local\hermes\hermes-agent\venv\Lib\site-packages\playwright\_impl\_sync_base.py:111
handle: <Handle SyncBase._sync.<locals>.<lambda>(<Task cancell...twork.py:867>>) at C:\Users\Administrator\AppData\Local\hermes\hermes-agent\venv\Lib\site-packages\playwright\_impl\_sync_base.py:111>
Traceback (most recent call last):
  File "C:\Users\Administrator\Desktop\每天工具\数据系列\杀肖-V2\src\zodiac_v2\source\browser.py", line 75, in capture
    page.goto(url, wait_until="domcontentloaded", timeout=int(timeout * 1000))
  File "C:\Users\Administrator\AppData\Local\hermes\hermes-agent\venv\Lib\site-packages\playwright\sync_api\_generated.py", line 9770, in goto
    self._sync(
  File "C:\Users\Administrator\AppData\Local\hermes\hermes-agent\venv\Lib\site-packages\playwright\_impl\_sync_base.py", line 115, in _sync
    return task.result()
           ^^^^^^^^^^^^^
  File "C:\Users\Administrator\AppData\Local\hermes\hermes-agent\venv\Lib\site-packages\playwright\_impl\_page.py", line 560, in goto
    return await self._main_frame.goto(**locals_to_params(locals()))
           ^^^^^^^^^^^^^^^^^^^^^^^^^^^^^^^^^^^^^^^^^^^^^^^^^^^^^^^^^
  File "C:\Users\Administrator\AppData\Local\hermes\hermes-agent\venv\Lib\site-packages\playwright\_impl\_frame.py", line 156, in goto
    await self._channel.send(
  File "C:\Users\Administrator\AppData\Local\hermes\hermes-agent\venv\Lib\site-packages\playwright\_impl\_connection.py", line 69, in send
    return await self._connection.wrap_api_call(
           ^^^^^^^^^^^^^^^^^^^^^^^^^^^^^^^^^^^^^
  File "C:\Users\Administrator\AppData\Local\hermes\hermes-agent\venv\Lib\site-packages\playwright\_impl\_connection.py", line 563, in wrap_api_call
    raise rewrite_error(error, f"{parsed_st['apiName']}: {error}") from None
playwright._impl._errors.TimeoutError: Page.goto: Timeout 25000ms exceeded.
Call log:
  - navigating to "https://utklnwvn.xt8d7-kd9kc-csprqr.work:29488/article/admin/6a0439934ea5c20141013e41?url=qdz", waiting until "domcontentloaded"


During handling of the above exception, another exception occurred:

Traceback (most recent call last):
  File "C:\Users\Administrator\AppData\Roaming\uv\python\cpython-3.11-windows-x86_64-none\Lib\asyncio\events.py", line 84, in _run
    self._context.run(self._callback, *self._args)
  File "C:\Users\Administrator\AppData\Local\hermes\hermes-agent\venv\Lib\site-packages\playwright\_impl\_sync_base.py", line 111, in <lambda>
    task.add_done_callback(lambda _: g_self.switch())
                                     ^^^^^^^^^^^^^^^
  File "C:\Users\Administrator\AppData\Local\hermes\hermes-agent\venv\Lib\site-packages\playwright\_impl\_connection.py", line 476, in _listener_with_error_handler_attached
    potential_future = listener(params)
                       ^^^^^^^^^^^^^^^^
  File "C:\Users\Administrator\AppData\Local\hermes\hermes-agent\venv\Lib\site-packages\playwright\_impl\_browser_context.py", line 195, in <lambda>
    lambda params: self._on_response(
                   ^^^^^^^^^^^^^^^^^^
  File "C:\Users\Administrator\AppData\Local\hermes\hermes-agent\venv\Lib\site-packages\playwright\_impl\_browser_context.py", line 710, in _on_response
    page.emit(Page.Events.Response, response)
  File "C:\Users\Administrator\AppData\Local\hermes\hermes-agent\venv\Lib\site-packages\pyee\asyncio.py", line 70, in emit
    return super().emit(event, *args, **kwargs)
           ^^^^^^^^^^^^^^^^^^^^^^^^^^^^^^^^^^^^
  File "C:\Users\Administrator\AppData\Local\hermes\hermes-agent\venv\Lib\site-packages\pyee\base.py", line 220, in emit
    handled = self._call_handlers(event, args, kwargs)
              ^^^^^^^^^^^^^^^^^^^^^^^^^^^^^^^^^^^^^^^^
  File "C:\Users\Administrator\AppData\Local\hermes\hermes-agent\venv\Lib\site-packages\pyee\base.py", line 196, in _call_handlers
    self._emit_run(f, args, kwargs)
  File "C:\Users\Administrator\AppData\Local\hermes\hermes-agent\venv\Lib\site-packages\pyee\asyncio.py", line 79, in _emit_run
    coro: Any = f(*args, **kwargs)
                ^^^^^^^^^^^^^^^^^^
  File "C:\Users\Administrator\AppData\Local\hermes\hermes-agent\venv\Lib\site-packages\playwright\_impl\_impl_to_api_mapping.py", line 139, in wrapper_func
    return handler(
           ^^^^^^^^
  File "C:\Users\Administrator\Desktop\每天工具\数据系列\杀肖-V2\src\zodiac_v2\source\browser.py", line 60, in record_response
    content_type = response.header_value("content-type") or ""  # type: ignore[attr-defined]
                   ^^^^^^^^^^^^^^^^^^^^^^^^^^^^^^^^^^^^^
  File "C:\Users\Administrator\AppData\Local\hermes\hermes-agent\venv\Lib\site-packages\playwright\sync_api\_generated.py", line 584, in header_value
    self._sync(self._impl_obj.header_value(name=name))
  File "C:\Users\Administrator\AppData\Local\hermes\hermes-agent\venv\Lib\site-packages\playwright\_impl\_sync_base.py", line 115, in _sync
    return task.result()
           ^^^^^^^^^^^^^
  File "C:\Users\Administrator\AppData\Local\hermes\hermes-agent\venv\Lib\site-packages\playwright\_impl\_network.py", line 868, in header_value
    return (await self._actual_headers()).get(name)
            ^^^^^^^^^^^^^^^^^^^^^^^^^^^^
  File "C:\Users\Administrator\AppData\Local\hermes\hermes-agent\venv\Lib\site-packages\playwright\_impl\_network.py", line 878, in _actual_headers
    await self._channel.send(
  File "C:\Users\Administrator\AppData\Local\hermes\hermes-agent\venv\Lib\site-packages\playwright\_impl\_connection.py", line 69, in send
    return await self._connection.wrap_api_call(
           ^^^^^^^^^^^^^^^^^^^^^^^^^^^^^^^^^^^^^
  File "C:\Users\Administrator\AppData\Local\hermes\hermes-agent\venv\Lib\site-packages\playwright\_impl\_connection.py", line 561, in wrap_api_call
    return await cb()
           ^^^^^^^^^^
  File "C:\Users\Administrator\AppData\Local\hermes\hermes-agent\venv\Lib\site-packages\playwright\_impl\_connection.py", line 123, in _inner_send
    done, _ = await asyncio.wait(
              ^^^^^^^^^^^^^^^^^^^
  File "C:\Users\Administrator\AppData\Roaming\uv\python\cpython-3.11-windows-x86_64-none\Lib\asyncio\tasks.py", line 428, in wait
    return await _wait(fs, timeout, return_when, loop)
           ^^^^^^^^^^^^^^^^^^^^^^^^^^^^^^^^^^^^^^^^^^^
  File "C:\Users\Administrator\AppData\Roaming\uv\python\cpython-3.11-windows-x86_64-none\Lib\asyncio\tasks.py", line 535, in _wait
    await waiter
asyncio.exceptions.CancelledError
Exception in callback SyncBase._sync.<locals>.<lambda>(<Task cancell...twork.py:867>>) at C:\Users\Administrator\AppData\Local\hermes\hermes-agent\venv\Lib\site-packages\playwright\_impl\_sync_base.py:111
handle: <Handle SyncBase._sync.<locals>.<lambda>(<Task cancell...twork.py:867>>) at C:\Users\Administrator\AppData\Local\hermes\hermes-agent\venv\Lib\site-packages\playwright\_impl\_sync_base.py:111>
Traceback (most recent call last):
  File "C:\Users\Administrator\Desktop\每天工具\数据系列\杀肖-V2\src\zodiac_v2\source\browser.py", line 75, in capture
    page.goto(url, wait_until="domcontentloaded", timeout=int(timeout * 1000))
  File "C:\Users\Administrator\AppData\Local\hermes\hermes-agent\venv\Lib\site-packages\playwright\sync_api\_generated.py", line 9770, in goto
    self._sync(
  File "C:\Users\Administrator\AppData\Local\hermes\hermes-agent\venv\Lib\site-packages\playwright\_impl\_sync_base.py", line 115, in _sync
    return task.result()
           ^^^^^^^^^^^^^
  File "C:\Users\Administrator\AppData\Local\hermes\hermes-agent\venv\Lib\site-packages\playwright\_impl\_page.py", line 560, in goto
    return await self._main_frame.goto(**locals_to_params(locals()))
           ^^^^^^^^^^^^^^^^^^^^^^^^^^^^^^^^^^^^^^^^^^^^^^^^^^^^^^^^^
  File "C:\Users\Administrator\AppData\Local\hermes\hermes-agent\venv\Lib\site-packages\playwright\_impl\_frame.py", line 156, in goto
    await self._channel.send(
  File "C:\Users\Administrator\AppData\Local\hermes\hermes-agent\venv\Lib\site-packages\playwright\_impl\_connection.py", line 69, in send
    return await self._connection.wrap_api_call(
           ^^^^^^^^^^^^^^^^^^^^^^^^^^^^^^^^^^^^^
  File "C:\Users\Administrator\AppData\Local\hermes\hermes-agent\venv\Lib\site-packages\playwright\_impl\_connection.py", line 563, in wrap_api_call
    raise rewrite_error(error, f"{parsed_st['apiName']}: {error}") from None
playwright._impl._errors.TimeoutError: Page.goto: Timeout 25000ms exceeded.
Call log:
  - navigating to "https://utklnwvn.xt8d7-kd9kc-csprqr.work:29488/article/admin/6a0439934ea5c20141013e41?url=qdz", waiting until "domcontentloaded"


During handling of the above exception, another exception occurred:

Traceback (most recent call last):
  File "C:\Users\Administrator\AppData\Roaming\uv\python\cpython-3.11-windows-x86_64-none\Lib\asyncio\events.py", line 84, in _run
    self._context.run(self._callback, *self._args)
  File "C:\Users\Administrator\AppData\Local\hermes\hermes-agent\venv\Lib\site-packages\playwright\_impl\_sync_base.py", line 111, in <lambda>
    task.add_done_callback(lambda _: g_self.switch())
                                     ^^^^^^^^^^^^^^^
  File "C:\Users\Administrator\AppData\Local\hermes\hermes-agent\venv\Lib\site-packages\playwright\_impl\_connection.py", line 476, in _listener_with_error_handler_attached
    potential_future = listener(params)
                       ^^^^^^^^^^^^^^^^
  File "C:\Users\Administrator\AppData\Local\hermes\hermes-agent\venv\Lib\site-packages\playwright\_impl\_browser_context.py", line 195, in <lambda>
    lambda params: self._on_response(
                   ^^^^^^^^^^^^^^^^^^
  File "C:\Users\Administrator\AppData\Local\hermes\hermes-agent\venv\Lib\site-packages\playwright\_impl\_browser_context.py", line 710, in _on_response
    page.emit(Page.Events.Response, response)
  File "C:\Users\Administrator\AppData\Local\hermes\hermes-agent\venv\Lib\site-packages\pyee\asyncio.py", line 70, in emit
    return super().emit(event, *args, **kwargs)
           ^^^^^^^^^^^^^^^^^^^^^^^^^^^^^^^^^^^^
  File "C:\Users\Administrator\AppData\Local\hermes\hermes-agent\venv\Lib\site-packages\pyee\base.py", line 220, in emit
    handled = self._call_handlers(event, args, kwargs)
              ^^^^^^^^^^^^^^^^^^^^^^^^^^^^^^^^^^^^^^^^
  File "C:\Users\Administrator\AppData\Local\hermes\hermes-agent\venv\Lib\site-packages\pyee\base.py", line 196, in _call_handlers
    self._emit_run(f, args, kwargs)
  File "C:\Users\Administrator\AppData\Local\hermes\hermes-agent\venv\Lib\site-packages\pyee\asyncio.py", line 79, in _emit_run
    coro: Any = f(*args, **kwargs)
                ^^^^^^^^^^^^^^^^^^
  File "C:\Users\Administrator\AppData\Local\hermes\hermes-agent\venv\Lib\site-packages\playwright\_impl\_impl_to_api_mapping.py", line 139, in wrapper_func
    return handler(
           ^^^^^^^^
  File "C:\Users\Administrator\Desktop\每天工具\数据系列\杀肖-V2\src\zodiac_v2\source\browser.py", line 60, in record_response
    content_type = response.header_value("content-type") or ""  # type: ignore[attr-defined]
                   ^^^^^^^^^^^^^^^^^^^^^^^^^^^^^^^^^^^^^
  File "C:\Users\Administrator\AppData\Local\hermes\hermes-agent\venv\Lib\site-packages\playwright\sync_api\_generated.py", line 584, in header_value
    self._sync(self._impl_obj.header_value(name=name))
  File "C:\Users\Administrator\AppData\Local\hermes\hermes-agent\venv\Lib\site-packages\playwright\_impl\_sync_base.py", line 115, in _sync
    return task.result()
           ^^^^^^^^^^^^^
  File "C:\Users\Administrator\AppData\Local\hermes\hermes-agent\venv\Lib\site-packages\playwright\_impl\_network.py", line 868, in header_value
    return (await self._actual_headers()).get(name)
            ^^^^^^^^^^^^^^^^^^^^^^^^^^^^
  File "C:\Users\Administrator\AppData\Local\hermes\hermes-agent\venv\Lib\site-packages\playwright\_impl\_network.py", line 878, in _actual_headers
    await self._channel.send(
  File "C:\Users\Administrator\AppData\Local\hermes\hermes-agent\venv\Lib\site-packages\playwright\_impl\_connection.py", line 69, in send
    return await self._connection.wrap_api_call(
           ^^^^^^^^^^^^^^^^^^^^^^^^^^^^^^^^^^^^^
  File "C:\Users\Administrator\AppData\Local\hermes\hermes-agent\venv\Lib\site-packages\playwright\_impl\_connection.py", line 561, in wrap_api_call
    return await cb()
           ^^^^^^^^^^
  File "C:\Users\Administrator\AppData\Local\hermes\hermes-agent\venv\Lib\site-packages\playwright\_impl\_connection.py", line 123, in _inner_send
    done, _ = await asyncio.wait(
              ^^^^^^^^^^^^^^^^^^^
  File "C:\Users\Administrator\AppData\Roaming\uv\python\cpython-3.11-windows-x86_64-none\Lib\asyncio\tasks.py", line 428, in wait
    return await _wait(fs, timeout, return_when, loop)
           ^^^^^^^^^^^^^^^^^^^^^^^^^^^^^^^^^^^^^^^^^^^
  File "C:\Users\Administrator\AppData\Roaming\uv\python\cpython-3.11-windows-x86_64-none\Lib\asyncio\tasks.py", line 535, in _wait
    await waiter
asyncio.exceptions.CancelledError
Exception in callback SyncBase._sync.<locals>.<lambda>(<Task cancell...twork.py:867>>) at C:\Users\Administrator\AppData\Local\hermes\hermes-agent\venv\Lib\site-packages\playwright\_impl\_sync_base.py:111
handle: <Handle SyncBase._sync.<locals>.<lambda>(<Task cancell...twork.py:867>>) at C:\Users\Administrator\AppData\Local\hermes\hermes-agent\venv\Lib\site-packages\playwright\_impl\_sync_base.py:111>
Traceback (most recent call last):
  File "C:\Users\Administrator\Desktop\每天工具\数据系列\杀肖-V2\src\zodiac_v2\source\browser.py", line 75, in capture
    page.goto(url, wait_until="domcontentloaded", timeout=int(timeout * 1000))
  File "C:\Users\Administrator\AppData\Local\hermes\hermes-agent\venv\Lib\site-packages\playwright\sync_api\_generated.py", line 9770, in goto
    self._sync(
  File "C:\Users\Administrator\AppData\Local\hermes\hermes-agent\venv\Lib\site-packages\playwright\_impl\_sync_base.py", line 115, in _sync
    return task.result()
           ^^^^^^^^^^^^^
  File "C:\Users\Administrator\AppData\Local\hermes\hermes-agent\venv\Lib\site-packages\playwright\_impl\_page.py", line 560, in goto
    return await self._main_frame.goto(**locals_to_params(locals()))
           ^^^^^^^^^^^^^^^^^^^^^^^^^^^^^^^^^^^^^^^^^^^^^^^^^^^^^^^^^
  File "C:\Users\Administrator\AppData\Local\hermes\hermes-agent\venv\Lib\site-packages\playwright\_impl\_frame.py", line 156, in goto
    await self._channel.send(
  File "C:\Users\Administrator\AppData\Local\hermes\hermes-agent\venv\Lib\site-packages\playwright\_impl\_connection.py", line 69, in send
    return await self._connection.wrap_api_call(
           ^^^^^^^^^^^^^^^^^^^^^^^^^^^^^^^^^^^^^
  File "C:\Users\Administrator\AppData\Local\hermes\hermes-agent\venv\Lib\site-packages\playwright\_impl\_connection.py", line 563, in wrap_api_call
    raise rewrite_error(error, f"{parsed_st['apiName']}: {error}") from None
playwright._impl._errors.TimeoutError: Page.goto: Timeout 25000ms exceeded.
Call log:
  - navigating to "https://utklnwvn.xt8d7-kd9kc-csprqr.work:29488/article/admin/6a0439934ea5c20141013e41?url=qdz", waiting until "domcontentloaded"


During handling of the above exception, another exception occurred:

Traceback (most recent call last):
  File "C:\Users\Administrator\AppData\Roaming\uv\python\cpython-3.11-windows-x86_64-none\Lib\asyncio\events.py", line 84, in _run
    self._context.run(self._callback, *self._args)
  File "C:\Users\Administrator\AppData\Local\hermes\hermes-agent\venv\Lib\site-packages\playwright\_impl\_sync_base.py", line 111, in <lambda>
    task.add_done_callback(lambda _: g_self.switch())
                                     ^^^^^^^^^^^^^^^
  File "C:\Users\Administrator\AppData\Local\hermes\hermes-agent\venv\Lib\site-packages\playwright\_impl\_connection.py", line 476, in _listener_with_error_handler_attached
    potential_future = listener(params)
                       ^^^^^^^^^^^^^^^^
  File "C:\Users\Administrator\AppData\Local\hermes\hermes-agent\venv\Lib\site-packages\playwright\_impl\_browser_context.py", line 195, in <lambda>
    lambda params: self._on_response(
                   ^^^^^^^^^^^^^^^^^^
  File "C:\Users\Administrator\AppData\Local\hermes\hermes-agent\venv\Lib\site-packages\playwright\_impl\_browser_context.py", line 710, in _on_response
    page.emit(Page.Events.Response, response)
  File "C:\Users\Administrator\AppData\Local\hermes\hermes-agent\venv\Lib\site-packages\pyee\asyncio.py", line 70, in emit
    return super().emit(event, *args, **kwargs)
           ^^^^^^^^^^^^^^^^^^^^^^^^^^^^^^^^^^^^
  File "C:\Users\Administrator\AppData\Local\hermes\hermes-agent\venv\Lib\site-packages\pyee\base.py", line 220, in emit
    handled = self._call_handlers(event, args, kwargs)
              ^^^^^^^^^^^^^^^^^^^^^^^^^^^^^^^^^^^^^^^^
  File "C:\Users\Administrator\AppData\Local\hermes\hermes-agent\venv\Lib\site-packages\pyee\base.py", line 196, in _call_handlers
    self._emit_run(f, args, kwargs)
  File "C:\Users\Administrator\AppData\Local\hermes\hermes-agent\venv\Lib\site-packages\pyee\asyncio.py", line 79, in _emit_run
    coro: Any = f(*args, **kwargs)
                ^^^^^^^^^^^^^^^^^^
  File "C:\Users\Administrator\AppData\Local\hermes\hermes-agent\venv\Lib\site-packages\playwright\_impl\_impl_to_api_mapping.py", line 139, in wrapper_func
    return handler(
           ^^^^^^^^
  File "C:\Users\Administrator\Desktop\每天工具\数据系列\杀肖-V2\src\zodiac_v2\source\browser.py", line 60, in record_response
    content_type = response.header_value("content-type") or ""  # type: ignore[attr-defined]
                   ^^^^^^^^^^^^^^^^^^^^^^^^^^^^^^^^^^^^^
  File "C:\Users\Administrator\AppData\Local\hermes\hermes-agent\venv\Lib\site-packages\playwright\sync_api\_generated.py", line 584, in header_value
    self._sync(self._impl_obj.header_value(name=name))
  File "C:\Users\Administrator\AppData\Local\hermes\hermes-agent\venv\Lib\site-packages\playwright\_impl\_sync_base.py", line 115, in _sync
    return task.result()
           ^^^^^^^^^^^^^
  File "C:\Users\Administrator\AppData\Local\hermes\hermes-agent\venv\Lib\site-packages\playwright\_impl\_network.py", line 868, in header_value
    return (await self._actual_headers()).get(name)
            ^^^^^^^^^^^^^^^^^^^^^^^^^^^^
  File "C:\Users\Administrator\AppData\Local\hermes\hermes-agent\venv\Lib\site-packages\playwright\_impl\_network.py", line 878, in _actual_headers
    await self._channel.send(
  File "C:\Users\Administrator\AppData\Local\hermes\hermes-agent\venv\Lib\site-packages\playwright\_impl\_connection.py", line 69, in send
    return await self._connection.wrap_api_call(
           ^^^^^^^^^^^^^^^^^^^^^^^^^^^^^^^^^^^^^
  File "C:\Users\Administrator\AppData\Local\hermes\hermes-agent\venv\Lib\site-packages\playwright\_impl\_connection.py", line 561, in wrap_api_call
    return await cb()
           ^^^^^^^^^^
  File "C:\Users\Administrator\AppData\Local\hermes\hermes-agent\venv\Lib\site-packages\playwright\_impl\_connection.py", line 123, in _inner_send
    done, _ = await asyncio.wait(
              ^^^^^^^^^^^^^^^^^^^
  File "C:\Users\Administrator\AppData\Roaming\uv\python\cpython-3.11-windows-x86_64-none\Lib\asyncio\tasks.py", line 428, in wait
    return await _wait(fs, timeout, return_when, loop)
           ^^^^^^^^^^^^^^^^^^^^^^^^^^^^^^^^^^^^^^^^^^^
  File "C:\Users\Administrator\AppData\Roaming\uv\python\cpython-3.11-windows-x86_64-none\Lib\asyncio\tasks.py", line 535, in _wait
    await waiter
asyncio.exceptions.CancelledError
Exception in callback SyncBase._sync.<locals>.<lambda>(<Task cancell...twork.py:867>>) at C:\Users\Administrator\AppData\Local\hermes\hermes-agent\venv\Lib\site-packages\playwright\_impl\_sync_base.py:111
handle: <Handle SyncBase._sync.<locals>.<lambda>(<Task cancell...twork.py:867>>) at C:\Users\Administrator\AppData\Local\hermes\hermes-agent\venv\Lib\site-packages\playwright\_impl\_sync_base.py:111>
Traceback (most recent call last):
  File "C:\Users\Administrator\Desktop\每天工具\数据系列\杀肖-V2\src\zodiac_v2\source\browser.py", line 75, in capture
    page.goto(url, wait_until="domcontentloaded", timeout=int(timeout * 1000))
  File "C:\Users\Administrator\AppData\Local\hermes\hermes-agent\venv\Lib\site-packages\playwright\sync_api\_generated.py", line 9770, in goto
    self._sync(
  File "C:\Users\Administrator\AppData\Local\hermes\hermes-agent\venv\Lib\site-packages\playwright\_impl\_sync_base.py", line 115, in _sync
    return task.result()
           ^^^^^^^^^^^^^
  File "C:\Users\Administrator\AppData\Local\hermes\hermes-agent\venv\Lib\site-packages\playwright\_impl\_page.py", line 560, in goto
    return await self._main_frame.goto(**locals_to_params(locals()))
           ^^^^^^^^^^^^^^^^^^^^^^^^^^^^^^^^^^^^^^^^^^^^^^^^^^^^^^^^^
  File "C:\Users\Administrator\AppData\Local\hermes\hermes-agent\venv\Lib\site-packages\playwright\_impl\_frame.py", line 156, in goto
    await self._channel.send(
  File "C:\Users\Administrator\AppData\Local\hermes\hermes-agent\venv\Lib\site-packages\playwright\_impl\_connection.py", line 69, in send
    return await self._connection.wrap_api_call(
           ^^^^^^^^^^^^^^^^^^^^^^^^^^^^^^^^^^^^^
  File "C:\Users\Administrator\AppData\Local\hermes\hermes-agent\venv\Lib\site-packages\playwright\_impl\_connection.py", line 563, in wrap_api_call
    raise rewrite_error(error, f"{parsed_st['apiName']}: {error}") from None
playwright._impl._errors.TimeoutError: Page.goto: Timeout 25000ms exceeded.
Call log:
  - navigating to "https://utklnwvn.xt8d7-kd9kc-csprqr.work:29488/article/admin/6a0439934ea5c20141013e41?url=qdz", waiting until "domcontentloaded"


During handling of the above exception, another exception occurred:

Traceback (most recent call last):
  File "C:\Users\Administrator\AppData\Roaming\uv\python\cpython-3.11-windows-x86_64-none\Lib\asyncio\events.py", line 84, in _run
    self._context.run(self._callback, *self._args)
  File "C:\Users\Administrator\AppData\Local\hermes\hermes-agent\venv\Lib\site-packages\playwright\_impl\_sync_base.py", line 111, in <lambda>
    task.add_done_callback(lambda _: g_self.switch())
                                     ^^^^^^^^^^^^^^^
  File "C:\Users\Administrator\AppData\Local\hermes\hermes-agent\venv\Lib\site-packages\playwright\_impl\_connection.py", line 476, in _listener_with_error_handler_attached
    potential_future = listener(params)
                       ^^^^^^^^^^^^^^^^
  File "C:\Users\Administrator\AppData\Local\hermes\hermes-agent\venv\Lib\site-packages\playwright\_impl\_browser_context.py", line 195, in <lambda>
    lambda params: self._on_response(
                   ^^^^^^^^^^^^^^^^^^
  File "C:\Users\Administrator\AppData\Local\hermes\hermes-agent\venv\Lib\site-packages\playwright\_impl\_browser_context.py", line 710, in _on_response
    page.emit(Page.Events.Response, response)
  File "C:\Users\Administrator\AppData\Local\hermes\hermes-agent\venv\Lib\site-packages\pyee\asyncio.py", line 70, in emit
    return super().emit(event, *args, **kwargs)
           ^^^^^^^^^^^^^^^^^^^^^^^^^^^^^^^^^^^^
  File "C:\Users\Administrator\AppData\Local\hermes\hermes-agent\venv\Lib\site-packages\pyee\base.py", line 220, in emit
    handled = self._call_handlers(event, args, kwargs)
              ^^^^^^^^^^^^^^^^^^^^^^^^^^^^^^^^^^^^^^^^
  File "C:\Users\Administrator\AppData\Local\hermes\hermes-agent\venv\Lib\site-packages\pyee\base.py", line 196, in _call_handlers
    self._emit_run(f, args, kwargs)
  File "C:\Users\Administrator\AppData\Local\hermes\hermes-agent\venv\Lib\site-packages\pyee\asyncio.py", line 79, in _emit_run
    coro: Any = f(*args, **kwargs)
                ^^^^^^^^^^^^^^^^^^
  File "C:\Users\Administrator\AppData\Local\hermes\hermes-agent\venv\Lib\site-packages\playwright\_impl\_impl_to_api_mapping.py", line 139, in wrapper_func
    return handler(
           ^^^^^^^^
  File "C:\Users\Administrator\Desktop\每天工具\数据系列\杀肖-V2\src\zodiac_v2\source\browser.py", line 60, in record_response
    content_type = response.header_value("content-type") or ""  # type: ignore[attr-defined]
                   ^^^^^^^^^^^^^^^^^^^^^^^^^^^^^^^^^^^^^
  File "C:\Users\Administrator\AppData\Local\hermes\hermes-agent\venv\Lib\site-packages\playwright\sync_api\_generated.py", line 584, in header_value
    self._sync(self._impl_obj.header_value(name=name))
  File "C:\Users\Administrator\AppData\Local\hermes\hermes-agent\venv\Lib\site-packages\playwright\_impl\_sync_base.py", line 115, in _sync
    return task.result()
           ^^^^^^^^^^^^^
  File "C:\Users\Administrator\AppData\Local\hermes\hermes-agent\venv\Lib\site-packages\playwright\_impl\_network.py", line 868, in header_value
    return (await self._actual_headers()).get(name)
            ^^^^^^^^^^^^^^^^^^^^^^^^^^^^
  File "C:\Users\Administrator\AppData\Local\hermes\hermes-agent\venv\Lib\site-packages\playwright\_impl\_network.py", line 878, in _actual_headers
    await self._channel.send(
  File "C:\Users\Administrator\AppData\Local\hermes\hermes-agent\venv\Lib\site-packages\playwright\_impl\_connection.py", line 69, in send
    return await self._connection.wrap_api_call(
           ^^^^^^^^^^^^^^^^^^^^^^^^^^^^^^^^^^^^^
  File "C:\Users\Administrator\AppData\Local\hermes\hermes-agent\venv\Lib\site-packages\playwright\_impl\_connection.py", line 561, in wrap_api_call
    return await cb()
           ^^^^^^^^^^
  File "C:\Users\Administrator\AppData\Local\hermes\hermes-agent\venv\Lib\site-packages\playwright\_impl\_connection.py", line 123, in _inner_send
    done, _ = await asyncio.wait(
              ^^^^^^^^^^^^^^^^^^^
  File "C:\Users\Administrator\AppData\Roaming\uv\python\cpython-3.11-windows-x86_64-none\Lib\asyncio\tasks.py", line 428, in wait
    return await _wait(fs, timeout, return_when, loop)
           ^^^^^^^^^^^^^^^^^^^^^^^^^^^^^^^^^^^^^^^^^^^
  File "C:\Users\Administrator\AppData\Roaming\uv\python\cpython-3.11-windows-x86_64-none\Lib\asyncio\tasks.py", line 535, in _wait
    await waiter
asyncio.exceptions.CancelledError
Future exception was never retrieved
future: <Future finished exception=TargetClosedError('Target page, context or browser has been closed')>
playwright._impl._errors.TargetClosedError: Target page, context or browser has been closed
Future exception was never retrieved
future: <Future finished exception=TargetClosedError('Target page, context or browser has been closed')>
playwright._impl._errors.TargetClosedError: Target page, context or browser has been closed
Future exception was never retrieved
future: <Future finished exception=TargetClosedError('Target page, context or browser has been closed')>
playwright._impl._errors.TargetClosedError: Target page, context or browser has been closed
Future exception was never retrieved
future: <Future finished exception=TargetClosedError('Target page, context or browser has been closed')>
playwright._impl._errors.TargetClosedError: Target page, context or browser has been closed
